// Vitest Snapshot v1, https://vitest.dev/guide/snapshot.html

exports[`copyTemplate > base + web > ./test/path/.editorconfig 1`] = `
"# editorconfig.org
root = true

[*]
indent_style = space
indent_size = 2
"
`;

exports[`copyTemplate > base + web > ./test/path/.prettierignore 1`] = `
"pnpm-lock.yaml
public
"
`;

exports[`copyTemplate > base + web > ./test/path/_2d_.gitignore 1`] = `
"# dependencies
node_modules
.pnp
.pnp.js
package-lock.json
yarn.lock

# tsup
dist/

# misc
.DS_Store
*.pem

# debug
npm-debug.log*
yarn-debug.log*
yarn-error.log*
.pnpm-debug.log*

# local env files
.env
.env*.local

# turbo
.turbo

# vercel cli
.vercel

# next.js
.next/
out/
build
next-env.d.ts
"
`;

exports[`copyTemplate > base + web > ./test/path/_2d_pnpm-workspace.yaml 1`] = `
"packages:
  - 'apps/*'
  - 'packages/*'
"
`;

exports[`copyTemplate > base + web > ./test/path/_2d_turbo.json 1`] = `
"{
  \\"globalDependencies\\": [\\"**/.env\\", \\"tsconfig.json\\"],
  \\"pipeline\\": {
    \\"build\\": { \\"dependsOn\\": [\\"^build\\"], \\"outputs\\": [\\"dist/**\\", \\"build/**\\"] },
    \\"dev\\": { \\"cache\\": false, \\"persistent\\": true },
    \\"lint\\": { \\"cache\\": false },
    \\"lint-fix\\": { \\"cache\\": false },
    \\"types\\": { \\"dependsOn\\": [\\"^types\\"], \\"cache\\": false }
  }
}
"
`;

exports[`copyTemplate > base + web > ./test/path/apps/web/next.config.mjs 1`] = `
"import bundleAnalyzer from '@next/bundle-analyzer';
import { withSentryConfig } from '@sentry/nextjs';

const shouldAnalyze = process.env.ANALYZE === 'true';

/** @type {(config?: import('next').NextConfig) => import('next').NextConfig} */
const withBundleAnalyzer = bundleAnalyzer({
  enabled: shouldAnalyze,
});

/** @type {import('next').NextConfig} */
const config = {
  reactStrictMode: true,

  /** We run eslint as a separate task in CI */
  eslint: { ignoreDuringBuilds: true },
};

export default withSentryConfig(
  shouldAnalyze ? withBundleAnalyzer(config) : config,
  {},
  { hideSourceMaps: true },
);
"
`;

exports[`copyTemplate > base + web > ./test/path/apps/web/package.json 1`] = `
"{
  \\"name\\": \\"@mod/web\\",
  \\"version\\": \\"0.0.1\\",
  \\"private\\": true,
  \\"scripts\\": {
    \\"types\\": \\"tsc --noEmit\\"
  },
  \\"dependencies\\": {
    \\"@sentry/cli\\": \\"^2.17.5\\",
    \\"@sentry/nextjs\\": \\"^7.50.0\\",
    \\"next\\": \\"^13.3.4\\",
    \\"react\\": \\"^18.2.0\\",
    \\"react-dom\\": \\"^18.2.0\\"
  },
  \\"devDependencies\\": {
    \\"@2digits/tsconfig\\": \\"^0.1.1\\",
    \\"@babel/core\\": \\"^7.21.8\\",
    \\"@next/bundle-analyzer\\": \\"^13.3.4\\",
    \\"@types/node\\": \\"^18.16.3\\",
    \\"@types/react\\": \\"^18.2.0\\",
    \\"@types/react-dom\\": \\"^18.2.1\\",
    \\"eslint\\": \\"^8.39.0\\",
    \\"typescript\\": \\"^5.0.4\\"
  }
}
"
`;

exports[`copyTemplate > base + web > ./test/path/apps/web/sentry.client.config.ts 1`] = `
"import './sentry.config';
"
`;

exports[`copyTemplate > base + web > ./test/path/apps/web/sentry.config.ts 1`] = `
"import * as Sentry from '@sentry/nextjs';

function initSentry() {
  const SENTRY_DSN = process.env.SENTRY_DSN ?? process.env.NEXT_PUBLIC_SENTRY_DSN;

  if (!SENTRY_DSN) {
    console.warn('No Sentry DSN found, check your environment variables');

    return;
  }

  Sentry.init({
    enabled: process.env.NODE_ENV !== 'development',
    dsn: SENTRY_DSN,
  });
}

initSentry();
"
`;

exports[`copyTemplate > base + web > ./test/path/apps/web/sentry.edge.config.ts 1`] = `
"import './sentry.config';
"
`;

exports[`copyTemplate > base + web > ./test/path/apps/web/sentry.server.config.ts 1`] = `
"import './sentry.config';
"
`;

exports[`copyTemplate > base + web > ./test/path/apps/web/src/pages/_app.tsx 1`] = `
"import type { AppProps } from 'next/app';

function App({ Component, pageProps }: AppProps) {
  return <Component {...pageProps} />;
}

export default App;
"
`;

exports[`copyTemplate > base + web > ./test/path/apps/web/src/pages/index.tsx 1`] = `
"export default function Home() {
  return (
    <div>
      <h1>Hello, world!</h1>
    </div>
  );
}
"
`;

exports[`copyTemplate > base + web > ./test/path/apps/web/tsconfig.json 1`] = `
"{
  \\"extends\\": \\"@2digits/tsconfig/tsconfig.json\\",
  \\"include\\": [\\"next-env.d.ts\\", \\"**/*.ts\\", \\"**/*.tsx\\", \\"next.config.mjs\\", \\".next/types/**/*.ts\\"],
  \\"compilerOptions\\": {
    \\"incremental\\": true,
    \\"baseUrl\\": \\"./src\\",
    \\"module\\": \\"esnext\\",
    \\"jsx\\": \\"preserve\\",
    \\"plugins\\": [
      {
        \\"name\\": \\"next\\"
      }
    ],
    \\"moduleResolution\\": \\"node\\"
  },
  \\"exclude\\": [\\"node_modules\\"]
}
"
`;

exports[`copyTemplate > base + web > ./test/path/apps/web/turbo.json 1`] = `
"{
  \\"extends\\": [\\"//\\"],
  \\"pipeline\\": {
    \\"build\\": {
      \\"env\\": [\\"SENTRY_DSN\\", \\"NEXT_PUBLIC_SENTRY_DSN\\", \\"ANALYZE\\", \\"NODE_ENV\\", \\"VERCEL_URL\\"],
      \\"outputs\\": [\\".next/**\\", \\"!.next/cache/**\\"]
    }
  }
}
"
`;

exports[`copyTemplate > base + web > ./test/path/package.json 1`] = `
"{
  \\"name\\": \\"@mod/base\\",
  \\"version\\": \\"0.0.1\\",
  \\"private\\": true,
  \\"scripts\\": {},
  \\"dependencies\\": {
    \\"@2digits/eslint-config\\": \\"^0.3.0\\",
    \\"@2digits/prettier-config\\": \\"^0.3.0\\",
    \\"@2digits/tsconfig\\": \\"^0.1.1\\",
    \\"@manypkg/cli\\": \\"^0.20.0\\",
    \\"@types/node\\": \\"^18.16.3\\",
    \\"eslint\\": \\"^8.39.0\\",
    \\"plop\\": \\"^3.1.2\\",
    \\"prettier\\": \\"^2.8.8\\",
    \\"turbo\\": \\"^1.9.3\\",
    \\"typescript\\": \\"^5.0.4\\"
  },
  \\"packageManager\\": \\"pnpm@8.4.0\\",
  \\"engines\\": {
    \\"node\\": \\">=18.0.0\\"
  },
  \\"manypkg\\": {
    \\"ignoredRules\\": [
      \\"INTERNAL_MISMATCH\\"
    ]
  },
  \\"pnpm\\": {
    \\"neverBuiltDependencies\\": [
      \\"core-js\\",
      \\"core-js-compat\\",
      \\"core-js-pure\\",
      \\"cypress\\"
    ]
  },
  \\"prettier\\": \\"@2digits/prettier-config\\",
  \\"eslintConfig\\": {
    \\"extends\\": \\"@2digits\\"
  }
}
"
`;

exports[`copyTemplate > base + web > ./test/path/tsconfig.json 1`] = `
"{
  \\"extends\\": \\"@2digits/tsconfig/tsconfig.json\\"
}
"
`;

exports[`copyTemplate > base > ./test/path/.editorconfig 1`] = `
"# editorconfig.org
root = true

[*]
indent_style = space
indent_size = 2
"
`;

exports[`copyTemplate > base > ./test/path/.prettierignore 1`] = `
"pnpm-lock.yaml
public
"
`;

exports[`copyTemplate > base > ./test/path/_2d_.gitignore 1`] = `
"# dependencies
node_modules
.pnp
.pnp.js
package-lock.json
yarn.lock

# tsup
dist/

# misc
.DS_Store
*.pem

# debug
npm-debug.log*
yarn-debug.log*
yarn-error.log*
.pnpm-debug.log*

# local env files
.env
.env*.local

# turbo
.turbo

# vercel cli
.vercel

# next.js
.next/
out/
build
next-env.d.ts
"
`;

exports[`copyTemplate > base > ./test/path/_2d_pnpm-workspace.yaml 1`] = `
"packages:
  - 'apps/*'
  - 'packages/*'
"
`;

exports[`copyTemplate > base > ./test/path/_2d_turbo.json 1`] = `
"{
  \\"globalDependencies\\": [\\"**/.env\\", \\"tsconfig.json\\"],
  \\"pipeline\\": {
    \\"build\\": { \\"dependsOn\\": [\\"^build\\"], \\"outputs\\": [\\"dist/**\\", \\"build/**\\"] },
    \\"dev\\": { \\"cache\\": false, \\"persistent\\": true },
    \\"lint\\": { \\"cache\\": false },
    \\"lint-fix\\": { \\"cache\\": false },
    \\"types\\": { \\"dependsOn\\": [\\"^types\\"], \\"cache\\": false }
  }
}
"
`;

exports[`copyTemplate > base > ./test/path/package.json 1`] = `
"{
  \\"name\\": \\"@mod/base\\",
  \\"version\\": \\"0.0.1\\",
  \\"private\\": true,
  \\"scripts\\": {},
  \\"dependencies\\": {
    \\"@2digits/eslint-config\\": \\"^0.3.0\\",
    \\"@2digits/prettier-config\\": \\"^0.3.0\\",
    \\"@2digits/tsconfig\\": \\"^0.1.1\\",
    \\"@manypkg/cli\\": \\"^0.20.0\\",
    \\"@types/node\\": \\"^18.16.3\\",
    \\"eslint\\": \\"^8.39.0\\",
    \\"plop\\": \\"^3.1.2\\",
    \\"prettier\\": \\"^2.8.8\\",
    \\"turbo\\": \\"^1.9.3\\",
    \\"typescript\\": \\"^5.0.4\\"
  },
  \\"packageManager\\": \\"pnpm@8.4.0\\",
  \\"engines\\": {
    \\"node\\": \\">=18.0.0\\"
  },
  \\"manypkg\\": {
    \\"ignoredRules\\": [
      \\"INTERNAL_MISMATCH\\"
    ]
  },
  \\"pnpm\\": {
    \\"neverBuiltDependencies\\": [
      \\"core-js\\",
      \\"core-js-compat\\",
      \\"core-js-pure\\",
      \\"cypress\\"
    ]
  },
  \\"prettier\\": \\"@2digits/prettier-config\\",
  \\"eslintConfig\\": {
    \\"extends\\": \\"@2digits\\"
  }
}
"
`;

exports[`copyTemplate > base > ./test/path/tsconfig.json 1`] = `
"{
  \\"extends\\": \\"@2digits/tsconfig/tsconfig.json\\"
}
"
`;

exports[`copyTemplate > web > ./test/path/apps/web/next.config.mjs 1`] = `
"import bundleAnalyzer from '@next/bundle-analyzer';
import { withSentryConfig } from '@sentry/nextjs';

const shouldAnalyze = process.env.ANALYZE === 'true';

/** @type {(config?: import('next').NextConfig) => import('next').NextConfig} */
const withBundleAnalyzer = bundleAnalyzer({
  enabled: shouldAnalyze,
});

/** @type {import('next').NextConfig} */
const config = {
  reactStrictMode: true,

  /** We run eslint as a separate task in CI */
  eslint: { ignoreDuringBuilds: true },
};

export default withSentryConfig(
  shouldAnalyze ? withBundleAnalyzer(config) : config,
  {},
  { hideSourceMaps: true },
);
"
`;

exports[`copyTemplate > web > ./test/path/apps/web/package.json 1`] = `
"{
  \\"name\\": \\"@mod/web\\",
  \\"version\\": \\"0.0.1\\",
  \\"private\\": true,
  \\"scripts\\": {
    \\"types\\": \\"tsc --noEmit\\"
  },
  \\"dependencies\\": {
    \\"@sentry/cli\\": \\"^2.17.5\\",
    \\"@sentry/nextjs\\": \\"^7.50.0\\",
    \\"next\\": \\"^13.3.4\\",
    \\"react\\": \\"^18.2.0\\",
    \\"react-dom\\": \\"^18.2.0\\"
  },
  \\"devDependencies\\": {
    \\"@2digits/tsconfig\\": \\"^0.1.1\\",
    \\"@babel/core\\": \\"^7.21.8\\",
    \\"@next/bundle-analyzer\\": \\"^13.3.4\\",
    \\"@types/node\\": \\"^18.16.3\\",
    \\"@types/react\\": \\"^18.2.0\\",
    \\"@types/react-dom\\": \\"^18.2.1\\",
    \\"eslint\\": \\"^8.39.0\\",
    \\"typescript\\": \\"^5.0.4\\"
  }
}
"
`;

exports[`copyTemplate > web > ./test/path/apps/web/sentry.client.config.ts 1`] = `
"import './sentry.config';
"
`;

exports[`copyTemplate > web > ./test/path/apps/web/sentry.config.ts 1`] = `
"import * as Sentry from '@sentry/nextjs';

function initSentry() {
  const SENTRY_DSN = process.env.SENTRY_DSN ?? process.env.NEXT_PUBLIC_SENTRY_DSN;

  if (!SENTRY_DSN) {
    console.warn('No Sentry DSN found, check your environment variables');

    return;
  }

  Sentry.init({
    enabled: process.env.NODE_ENV !== 'development',
    dsn: SENTRY_DSN,
  });
}

initSentry();
"
`;

exports[`copyTemplate > web > ./test/path/apps/web/sentry.edge.config.ts 1`] = `
"import './sentry.config';
"
`;

exports[`copyTemplate > web > ./test/path/apps/web/sentry.server.config.ts 1`] = `
"import './sentry.config';
"
`;

exports[`copyTemplate > web > ./test/path/apps/web/src/pages/_app.tsx 1`] = `
"import type { AppProps } from 'next/app';

function App({ Component, pageProps }: AppProps) {
  return <Component {...pageProps} />;
}

export default App;
"
`;

exports[`copyTemplate > web > ./test/path/apps/web/src/pages/index.tsx 1`] = `
"export default function Home() {
  return (
    <div>
      <h1>Hello, world!</h1>
    </div>
  );
}
"
`;

exports[`copyTemplate > web > ./test/path/apps/web/tsconfig.json 1`] = `
"{
  \\"extends\\": \\"@2digits/tsconfig/tsconfig.json\\",
  \\"include\\": [\\"next-env.d.ts\\", \\"**/*.ts\\", \\"**/*.tsx\\", \\"next.config.mjs\\", \\".next/types/**/*.ts\\"],
  \\"compilerOptions\\": {
    \\"incremental\\": true,
    \\"baseUrl\\": \\"./src\\",
    \\"module\\": \\"esnext\\",
    \\"jsx\\": \\"preserve\\",
    \\"plugins\\": [
      {
        \\"name\\": \\"next\\"
      }
    ],
    \\"moduleResolution\\": \\"node\\"
  },
  \\"exclude\\": [\\"node_modules\\"]
}
"
`;

exports[`copyTemplate > web > ./test/path/apps/web/turbo.json 1`] = `
"{
  \\"extends\\": [\\"//\\"],
  \\"pipeline\\": {
    \\"build\\": {
      \\"env\\": [\\"SENTRY_DSN\\", \\"NEXT_PUBLIC_SENTRY_DSN\\", \\"ANALYZE\\", \\"NODE_ENV\\", \\"VERCEL_URL\\"],
      \\"outputs\\": [\\".next/**\\", \\"!.next/cache/**\\"]
    }
  }
}
"
`;
